###############################################################
#  Generated by:      Cadence Innovus 23.14-s088_1
#  OS:                Linux x86_64(Host ID snu.polaris.09)
#  Generated on:      Mon Aug 24 09:16:54 2026
#  Design:            aer_tx16_trad_rowcol_fovea_cluster2_steal_buf_polarity
#  Command:           check_timing -verbose > $OUT_DIR/aer_tx16_trad_rowcol_fovea_cluster2_steal_buf_polarity_4.0_check_timing.rpt
###############################################################
     +-----------------------------------------------------------+ 
     |                   TIMING CHECK SUMMARY                    | 
     |-----------------------------------------------------------| 
     |       Warning        |   Warning Description   |  Number  | 
     |                      |                         |    of    | 
     |                      |                         | Warnings | 
     |----------------------+-------------------------+----------| 
     | ideal_clock_waveform | Clock waveform is ideal |        1 | 
     | no_drive             | No drive assertion      |       34 | 
     +-----------------------------------------------------------+ 
     +--------------------------------------------------+ 
     |               TIMING CHECK DETAIL                | 
     |--------------------------------------------------| 
     |       Pin       |      Warning       |   View    | 
     |-----------------+--------------------+-----------| 
     |       clk       | No drive assertion | view_slow | 
     |       rst       | No drive assertion | view_slow | 
     |   arrival[15]   | No drive assertion | view_slow | 
     |   arrival[14]   | No drive assertion | view_slow | 
     |   arrival[13]   | No drive assertion | view_slow | 
     |   arrival[12]   | No drive assertion | view_slow | 
     |   arrival[11]   | No drive assertion | view_slow | 
     |   arrival[10]   | No drive assertion | view_slow | 
     |   arrival[9]    | No drive assertion | view_slow | 
     |   arrival[8]    | No drive assertion | view_slow | 
     |   arrival[7]    | No drive assertion | view_slow | 
     |   arrival[6]    | No drive assertion | view_slow | 
     |   arrival[5]    | No drive assertion | view_slow | 
     |   arrival[4]    | No drive assertion | view_slow | 
     |   arrival[3]    | No drive assertion | view_slow | 
     |   arrival[2]    | No drive assertion | view_slow | 
     |   arrival[1]    | No drive assertion | view_slow | 
     |   arrival[0]    | No drive assertion | view_slow | 
     | polarity_in[15] | No drive assertion | view_slow | 
     | polarity_in[14] | No drive assertion | view_slow | 
     | polarity_in[13] | No drive assertion | view_slow | 
     | polarity_in[12] | No drive assertion | view_slow | 
     | polarity_in[11] | No drive assertion | view_slow | 
     | polarity_in[10] | No drive assertion | view_slow | 
     |  polarity_in[9] | No drive assertion | view_slow | 
     |  polarity_in[8] | No drive assertion | view_slow | 
     |  polarity_in[7] | No drive assertion | view_slow | 
     |  polarity_in[6] | No drive assertion | view_slow | 
     |  polarity_in[5] | No drive assertion | view_slow | 
     |  polarity_in[4] | No drive assertion | view_slow | 
     |  polarity_in[3] | No drive assertion | view_slow | 
     |  polarity_in[2] | No drive assertion | view_slow | 
     |  polarity_in[1] | No drive assertion | view_slow | 
     |  polarity_in[0] | No drive assertion | view_slow | 
     +--------------------------------------------------+ 
     +----------------------+ 
     |  TIMING CHECK IDEAL  | 
     |        CLOCKS        | 
     |----------------------| 
     |  Clock   |   View    | 
     | Waveform |           | 
     |----------+-----------| 
     |   clk    | view_slow | 
     +----------------------+ 
