============================================================
  Generated by:           Genus(TM) Synthesis Solution 23.14-s090_1
  Generated on:           Aug 24 2026  09:07:57 am
  Module:                 aer_tx16_trad_rowcol_fovea_cluster2_steal_buf_polarity
  Operating conditions:   PVT_0P9V_125C (balanced_tree)
  Wireload mode:          enclosed
  Area mode:              timing library
============================================================


Path 1: MET (658 ps) Setup Check with Pin pol_fifo0_reg[9]/CK->D
          Group: clk
     Startpoint: (R) pending_cnt_reg[9][1]/CK
          Clock: (R) clk
       Endpoint: (R) pol_fifo0_reg[9]/D
          Clock: (R) clk

                     Capture       Launch     
        Clock Edge:+    3000            0     
       Src Latency:+       0            0     
       Net Latency:+       0 (I)        0 (I) 
           Arrival:=    3000            0     
                                              
             Setup:-     130                  
       Uncertainty:-     100                  
     Required Time:=    2770                  
      Launch Clock:-       0                  
         Data Path:-    2112                  
             Slack:=     658                  

#--------------------------------------------------------------------------------------------------
#      Timing Point        Flags    Arc   Edge   Cell     Fanout Load Trans Delay Arrival Instance 
#                                                                (fF)  (ps)  (ps)   (ps)  Location 
#--------------------------------------------------------------------------------------------------
  pending_cnt_reg[9][1]/CK -       -      R     (arrival)     88    -     0     0       0    (-,-) 
  pending_cnt_reg[9][1]/Q  -       CK->Q  F     DFFHQX1        4  1.6    52   212     212    (-,-) 
  g12832__5526/Y           -       A->Y   R     NOR2X1         5  1.6    98    98     310    (-,-) 
  g12802__5526/Y           -       A->Y   F     NAND2XL        1  0.2    62   109     419    (-,-) 
  g12965/Y                 -       AN->Y  F     NAND3BX1       5  1.6   206   212     630    (-,-) 
  g12783__5477/Y           -       B->Y   R     NOR2X1         6  2.2   142   187     817    (-,-) 
  g12732__1881/Y           -       B->Y   F     NAND2X1        6  2.2   162   173     990    (-,-) 
  g12723/Y                 -       A->Y   R     INVX1          5  2.0    76   123    1113    (-,-) 
  g12710__2346/Y           -       B->Y   F     NAND2X1        6  2.2   155   136    1249    (-,-) 
  g12616__5526/Y           -       B1->Y  R     OAI221X1       3  1.0   132   149    1399    (-,-) 
  g12509__2883/Y           -       A1->Y  F     OAI221X1       5  1.6   252   268    1666    (-,-) 
  g12481__1666/Y           -       AN->Y  F     NOR2BX1        3  0.8    42   171    1837    (-,-) 
  g12425__1705/Y           -       A1N->Y F     OAI2BB1X1      1  0.4    69    94    1932    (-,-) 
  g12402__1705/Y           -       S0->Y  F     MXI2XL         1  0.2    86   104    2036    (-,-) 
  g12370__5526/Y           -       B->Y   R     NOR2XL         1  0.2    46    77    2112    (-,-) 
  pol_fifo0_reg[9]/D       <<<     -      R     DFFQXL         1    -     -     0    2112    (-,-) 
#--------------------------------------------------------------------------------------------------

