###############################################################
#  Generated by:      Cadence Innovus 23.14-s088_1
#  OS:                Linux x86_64(Host ID snu.polaris.09)
#  Generated on:      Mon Aug 24 09:10:33 2026
#  Design:            aer_tx16_trad_rowcol_fovea_cluster2_steal_buf_polarity
#  Command:           report_timing -early > $OUT_DIR/aer_tx16_trad_rowcol_fovea_cluster2_steal_buf_polarity_3.0_hold_timing.rpt
###############################################################
Path 1: MET Hold Check with Pin pending_cnt_reg[12][0]/CK 
Endpoint:   pending_cnt_reg[12][0]/D (v) checked with  leading edge of 'clk'
Beginpoint: rst                      (^) triggered by  leading edge of 'clk'
Path Groups: {clk}
Analysis View: view_slow
Other End Arrival Time         -0.000
+ Hold                          0.007
+ Phase Shift                   0.000
+ Uncertainty                   0.100
= Required Time                 0.107
  Arrival Time                  0.276
  Slack Time                    0.169
     Clock Rise Edge                      0.000
     + Input Delay                        0.250
     = Beginpoint Arrival Time            0.250
     +-----------------------------------------------------------------------------+ 
     |        Instance        |     Arc     |  Cell   | Delay | Arrival | Required | 
     |                        |             |         |       |  Time   |   Time   | 
     |------------------------+-------------+---------+-------+---------+----------| 
     |                        | rst ^       |         |       |   0.250 |    0.081 | 
     | g12584__6417           | B0 ^ -> Y v | AOI21X1 | 0.026 |   0.276 |    0.107 | 
     | pending_cnt_reg[12][0] | D v         | DFFHQX1 | 0.000 |   0.276 |    0.107 | 
     +-----------------------------------------------------------------------------+ 

