
Power Net Detected:
        Voltage	    Name
             0V	    VSS
           0.9V	    VDD
Using Power View: view_slow.
AAE_INFO: opIsDesignInPostRouteState() is 1
AAE_INFO: deleting AAE DB due to opIsDesignInPostRouteState() is changed ...
AAE DB initialization (MEM=2247.777344 CPU=0:00:00.0 REAL=0:00:00.0) 
#################################################################################
# Design Stage: PostRoute
# Design Name: aer_tx16_trad_rowcol_fovea_cluster2_steal_buf_polarity
# Design Mode: 45nm
# Analysis Mode: MMMC Non-OCV 
# Parasitics Mode: No SPEF/RCDB 
# Signoff Settings: SI Off 
#################################################################################
Calculate delays in Single mode...
Start delay calculation (fullDC) (1 T). (MEM=2270.81)
siFlow : Timing analysis mode is single, using late cdB files
Total number of fetched objects 636
AAE_INFO: Total number of nets for which stage creation was skipped for all views 0
End delay calculation. (MEM=2287.13 CPU=0:00:00.2 REAL=0:00:00.0)
End delay calculation (fullDC). (MEM=2214.8 CPU=0:00:00.5 REAL=0:00:00.0)

Begin Power Analysis

             0V	    VSS
           0.9V	    VDD

Begin Processing Timing Library for Power Calculation

Ended Processing Timing Library for Power Calculation: (cpu=0:00:00, real=0:00:00, mem(process/total/peak)=2213.57MB/4925.59MB/2345.59MB)



Begin Processing Power Net/Grid for Power Calculation

Ended Processing Power Net/Grid for Power Calculation: (cpu=0:00:00, real=0:00:00, mem(process/total/peak)=2213.67MB/4925.59MB/2345.59MB)

Begin Processing Timing Window Data for Power Calculation

clk(250MHz) CK: assigning clock clk to net clk
Ended Processing Timing Window Data for Power Calculation: (cpu=0:00:00, real=0:00:00, mem(process/total/peak)=2213.80MB/4925.59MB/2345.59MB)

Begin Processing User Attributes

Ended Processing User Attributes: (cpu=0:00:00, real=0:00:00, mem(process/total/peak)=2213.90MB/4925.59MB/2345.59MB)

Begin Processing Signal Activity


Starting Levelizing
2026-Aug-24 09:16:53 (2026-Aug-24 00:16:53 GMT)
2026-Aug-24 09:16:53 (2026-Aug-24 00:16:53 GMT): 10%
2026-Aug-24 09:16:53 (2026-Aug-24 00:16:53 GMT): 20%
2026-Aug-24 09:16:53 (2026-Aug-24 00:16:53 GMT): 30%
2026-Aug-24 09:16:53 (2026-Aug-24 00:16:53 GMT): 40%
2026-Aug-24 09:16:53 (2026-Aug-24 00:16:53 GMT): 50%
2026-Aug-24 09:16:53 (2026-Aug-24 00:16:53 GMT): 60%
2026-Aug-24 09:16:53 (2026-Aug-24 00:16:53 GMT): 70%
2026-Aug-24 09:16:53 (2026-Aug-24 00:16:53 GMT): 80%
2026-Aug-24 09:16:53 (2026-Aug-24 00:16:53 GMT): 90%

Finished Levelizing
2026-Aug-24 09:16:53 (2026-Aug-24 00:16:53 GMT)

Starting Activity Propagation
2026-Aug-24 09:16:53 (2026-Aug-24 00:16:53 GMT)
** INFO:  (VOLTUS_POWR-1356): No default input activity has been set. Defaulting to 0.2.
Use 'set_default_switching_activity -input_activity' command to change the default activity value.

2026-Aug-24 09:16:53 (2026-Aug-24 00:16:53 GMT): 10%
2026-Aug-24 09:16:53 (2026-Aug-24 00:16:53 GMT): 20%
2026-Aug-24 09:16:53 (2026-Aug-24 00:16:53 GMT): 30%

Finished Activity Propagation
2026-Aug-24 09:16:53 (2026-Aug-24 00:16:53 GMT)
Ended Processing Signal Activity: (cpu=0:00:00, real=0:00:00, mem(process/total/peak)=2214.20MB/4925.59MB/2345.59MB)

Begin Power Computation

      ----------------------------------------------------------
      # of cell(s) missing both power/leakage table: 0
      # of cell(s) missing power table: 0
      # of cell(s) missing leakage table: 0
      ----------------------------------------------------------



Starting Calculating power
2026-Aug-24 09:16:53 (2026-Aug-24 00:16:53 GMT)
 ... Calculating switching power
2026-Aug-24 09:16:53 (2026-Aug-24 00:16:53 GMT): 10%
2026-Aug-24 09:16:53 (2026-Aug-24 00:16:53 GMT): 20%
2026-Aug-24 09:16:53 (2026-Aug-24 00:16:53 GMT): 30%
2026-Aug-24 09:16:53 (2026-Aug-24 00:16:53 GMT): 40%
2026-Aug-24 09:16:53 (2026-Aug-24 00:16:53 GMT): 50%
 ... Calculating internal and leakage power
2026-Aug-24 09:16:53 (2026-Aug-24 00:16:53 GMT): 60%
2026-Aug-24 09:16:53 (2026-Aug-24 00:16:53 GMT): 70%
2026-Aug-24 09:16:53 (2026-Aug-24 00:16:53 GMT): 80%
2026-Aug-24 09:16:53 (2026-Aug-24 00:16:53 GMT): 90%

Finished Calculating power
2026-Aug-24 09:16:53 (2026-Aug-24 00:16:53 GMT)
      # of MSMV cell(s) missing power_level: 0
Ended Power Computation: (cpu=0:00:00, real=0:00:00, mem(process/total/peak)=2214.86MB/4925.59MB/2345.59MB)

Begin Processing User Attributes

Begin Processing set_power
Ended Processing set_power: (cpu=0:00:00, real=0:00:00,
mem(process/total/peak)=2214.86MB/4925.59MB/2345.59MB)
Ended Processing User Attributes: (cpu=0:00:00, real=0:00:00, mem(process/total/peak)=2214.91MB/4925.59MB/2345.59MB)

Ended Power Analysis: (cpu=0:00:00, real=0:00:00, mem(process/total/peak)=2214.92MB/4925.59MB/2345.59MB)

Begin Boundary Leakage Calculation
Ended Boundary Leakage Calculation: (cpu=0:00:00, real=0:00:00,
mem(process/total/peak)=2215.00MB/4925.59MB/2345.59MB)
Begin Static Power Report Generation
*----------------------------------------------------------------------------------------
*	Innovus 23.14-s088_1 (64bit) 02/28/2025 12:25 (Linux 3.10.0-693.el7.x86_64)
*	
*
* 	Date & Time:	2026-Aug-24 09:16:53 (2026-Aug-24 00:16:53 GMT)
*
*----------------------------------------------------------------------------------------
*
*	Design: aer_tx16_trad_rowcol_fovea_cluster2_steal_buf_polarity
*
*	Liberty Libraries used:
*	        view_slow: /home/aiasic26911/gsclib045_all_v4.7/gsclib045/timing/slow_vdd1v0_basicCells.lib
*
*	Parasitic Files used:
*
*       Power View : view_slow
*
*       User-Defined Activity : N.A.
*
*       Activity File: N.A.
*
*       Hierarchical Global Activity: N.A.
*
*       Global Activity: N.A.
*
*       Sequential Element Activity: 0.200000
*
*       Primary Input Activity: 0.200000
*
*       Default icg ratio: N.A.
*
*       Global Comb ClockGate Ratio: N.A.
*
*	Power Units = 1mW
*
*	Time Units = 1e-09 secs
*
*       report_power
*
-----------------------------------------------------------------------------------------
*



Total Power
-----------------------------------------------------------------------------------------
Total Internal Power:        0.06820281 	   71.3491%
Total Switching Power:       0.02736033 	   28.6225%
Total Leakage Power:         0.00002720 	    0.0285%
Total Power:                 0.09559035
-----------------------------------------------------------------------------------------


Group                           Internal   Switching     Leakage       Total  Percentage 
                                Power      Power         Power         Power  (%)        
-----------------------------------------------------------------------------------------
Sequential                       0.04774    0.003491   9.708e-06     0.05124       53.61
Macro                                  0           0           0           0           0
IO                                     0           0           0           0           0
Combinational                    0.02046     0.02387    1.75e-05     0.04435       46.39
Clock (Combinational)                  0           0           0           0           0
Clock (Sequential)                     0           0           0           0           0
-----------------------------------------------------------------------------------------
Total                             0.0682     0.02736    2.72e-05     0.09559         100
-----------------------------------------------------------------------------------------


Rail                  Voltage   Internal   Switching     Leakage       Total  Percentage 
                                Power      Power         Power         Power  (%)        
-----------------------------------------------------------------------------------------
VDD                       0.9     0.0682     0.02736    2.72e-05     0.09559         100
 
 
-----------------------------------------------------------------------------------------
*	Power Distribution Summary: 
*              Highest Average Power:          pol_fifo0_reg[3] (DFFHQX1):        0.0006896
*              Highest Leakage Power:          pol_mask0_reg[2] (DFFHQX1):        1.205e-07
*                Total Cap:      1.29469e-12 F
*                Total instances in design:   602
*                Total instances in design with no power:     0
*                Total instances in design with no activty:     0

*                Total Fillers and Decap:     0
-----------------------------------------------------------------------------------------
 
** INFO:  (VOLTUS_POWR-3465): There are 0 decaps and 0 fillers in the design

Ended Static Power Report Generation: (cpu=0:00:00, real=0:00:00,
mem(process/total/peak)=2215.42MB/4925.59MB/2345.59MB)

