============================================================
  Generated by:           Genus(TM) Synthesis Solution 23.14-s090_1
  Generated on:           Aug 24 2026  09:14:22 am
  Module:                 aer_tx16_trad_rowcol_fovea_cluster2_steal_buf_polarity
  Operating conditions:   PVT_0P9V_125C (balanced_tree)
  Wireload mode:          enclosed
  Area mode:              timing library
============================================================


Path 1: MET (1619 ps) Setup Check with Pin pol_fifo0_reg[10]/CK->D
          Group: clk
     Startpoint: (R) pending_cnt_reg[7][1]/CK
          Clock: (R) clk
       Endpoint: (R) pol_fifo0_reg[10]/D
          Clock: (R) clk

                     Capture       Launch     
        Clock Edge:+    4000            0     
       Src Latency:+       0            0     
       Net Latency:+       0 (I)        0 (I) 
           Arrival:=    4000            0     
                                              
             Setup:-     132                  
       Uncertainty:-     100                  
     Required Time:=    3768                  
      Launch Clock:-       0                  
         Data Path:-    2150                  
             Slack:=    1619                  

#--------------------------------------------------------------------------------------------------
#      Timing Point        Flags    Arc   Edge   Cell     Fanout Load Trans Delay Arrival Instance 
#                                                                (fF)  (ps)  (ps)   (ps)  Location 
#--------------------------------------------------------------------------------------------------
  pending_cnt_reg[7][1]/CK -       -      R     (arrival)     88    -     0     0       0    (-,-) 
  pending_cnt_reg[7][1]/Q  -       CK->Q  F     DFFHQX1        4  1.6    52   212     212    (-,-) 
  g12849__2883/Y           -       A->Y   R     NOR2X1         4  1.4    89    93     305    (-,-) 
  g12797__9315/Y           -       A->Y   F     NAND4XL        2  0.7   278   280     585    (-,-) 
  g12795/Y                 -       A->Y   R     INVX1          5  2.0    95   189     774    (-,-) 
  g12783__1617/Y           -       A->Y   F     NAND2X1        3  1.0    93   120     894    (-,-) 
  g12765/Y                 -       A->Y   R     INVX1          4  1.6    56    80     974    (-,-) 
  g12744__1617/Y           -       B->Y   F     NOR2X1         2  0.7    47    55    1029    (-,-) 
  g12731__6417/Y           -       B->Y   R     NOR2X1         5  2.0   116    96    1125    (-,-) 
  g12722/Y                 -       A->Y   F     INVX1          4  1.2    59    96    1220    (-,-) 
  g12718__3680/Y           -       B->Y   R     NOR2X1         3  1.2    83    82    1303    (-,-) 
  g12713/Y                 -       A->Y   F     INVX1          4  1.3    56    77    1380    (-,-) 
  g12631__2346/Y           -       C0->Y  R     OAI221X1       3  1.0   124    57    1437    (-,-) 
  g12512__5107/Y           -       A1->Y  F     OAI221X1       5  1.6   252   263    1700    (-,-) 
  g12478__7098/Y           -       AN->Y  F     NOR2BX1        3  0.8    42   171    1871    (-,-) 
  g12424__6131/Y           -       A1N->Y F     OAI2BB1X1      1  0.4    69    94    1965    (-,-) 
  g12403__2802/Y           -       S0->Y  F     MXI2XL         1  0.2    86   104    2068    (-,-) 
  g12371__8428/Y           -       B->Y   R     NOR2XL         1  0.3    54    81    2150    (-,-) 
  pol_fifo0_reg[10]/D      <<<     -      R     DFFHQX1        1    -     -     0    2150    (-,-) 
#--------------------------------------------------------------------------------------------------

