###############################################################
#  Generated by:      Cadence Innovus 23.14-s088_1
#  OS:                Linux x86_64(Host ID snu.polaris.09)
#  Generated on:      Mon Aug 24 09:13:38 2026
#  Design:            aer_tx16_trad_rowcol_fovea_cluster2_steal_buf_polarity
#  Command:           report_timing -late  > $OUT_DIR/aer_tx16_trad_rowcol_fovea_cluster2_steal_buf_polarity_3.5_setup_timing.rpt
###############################################################
Path 1: MET Setup Check with Pin pol_fifo0_reg[9]/CK 
Endpoint:   pol_fifo0_reg[9]/D       (^) checked with  leading edge of 'clk'
Beginpoint: pending_cnt_reg[11][1]/Q (v) triggered by  leading edge of 'clk'
Path Groups: {clk}
Analysis View: view_slow
Other End Arrival Time          0.000
- Setup                         0.146
+ Phase Shift                   3.500
- Uncertainty                   0.100
= Required Time                 3.254
- Arrival Time                  2.799
= Slack Time                    0.454
     Clock Rise Edge                 0.000
     + Clock Network Latency (Prop)  -0.001
     = Beginpoint Arrival Time       -0.001
     +--------------------------------------------------------------------------------+ 
     |        Instance        |     Arc      |   Cell    | Delay | Arrival | Required | 
     |                        |              |           |       |  Time   |   Time   | 
     |------------------------+--------------+-----------+-------+---------+----------| 
     | pending_cnt_reg[11][1] | CK ^         |           |       |  -0.001 |    0.454 | 
     | pending_cnt_reg[11][1] | CK ^ -> Q v  | DFFHQX1   | 0.229 |   0.228 |    0.683 | 
     | g12827__2398           | A v -> Y ^   | NOR2X1    | 0.167 |   0.395 |    0.849 | 
     | g12794__2398           | A ^ -> Y v   | NAND4XL   | 0.287 |   0.682 |    1.137 | 
     | FE_OFC86_n_98          | A v -> Y v   | CLKBUFX2  | 0.157 |   0.839 |    1.294 | 
     | FE_OFC83_n_98          | A v -> Y ^   | INVX1     | 0.061 |   0.900 |    1.355 | 
     | g12783__1617           | B ^ -> Y v   | NAND2X1   | 0.129 |   1.029 |    1.484 | 
     | g12765                 | A v -> Y ^   | INVX1     | 0.120 |   1.149 |    1.604 | 
     | g12744__1617           | B ^ -> Y v   | NOR2X1    | 0.095 |   1.244 |    1.699 | 
     | g12731__6417           | B v -> Y ^   | NOR2X2    | 0.121 |   1.365 |    1.819 | 
     | g12722                 | A ^ -> Y v   | INVX1     | 0.145 |   1.510 |    1.965 | 
     | g12709__2802           | B v -> Y ^   | NOR2X1    | 0.134 |   1.644 |    2.098 | 
     | g12703                 | A ^ -> Y v   | INVX1     | 0.134 |   1.778 |    2.232 | 
     | g12630__7410           | C0 v -> Y ^  | OAI221X1  | 0.096 |   1.873 |    2.328 | 
     | FE_OFC39_n_253         | A ^ -> Y ^   | CLKBUFX2  | 0.136 |   2.010 |    2.464 | 
     | g12509__1666           | B1 ^ -> Y v  | OAI221X1  | 0.175 |   2.184 |    2.639 | 
     | FE_OFC58_n_361         | A v -> Y v   | CLKBUFX2  | 0.178 |   2.362 |    2.817 | 
     | g12481__6131           | AN v -> Y v  | NOR2BX1   | 0.099 |   2.461 |    2.916 | 
     | g12425__1881           | A1N v -> Y v | OAI2BB1X1 | 0.113 |   2.574 |    3.029 | 
     | g12402__1705           | S0 v -> Y v  | MXI2XL    | 0.118 |   2.692 |    3.146 | 
     | g12370__5526           | B v -> Y ^   | NOR2XL    | 0.107 |   2.799 |    3.254 | 
     | pol_fifo0_reg[9]       | D ^          | DFFQXL    | 0.000 |   2.799 |    3.254 | 
     +--------------------------------------------------------------------------------+ 

