###############################################################
#  Generated by:      Cadence Innovus 23.14-s088_1
#  OS:                Linux x86_64(Host ID snu.polaris.09)
#  Generated on:      Mon Aug 24 09:16:53 2026
#  Design:            aer_tx16_trad_rowcol_fovea_cluster2_steal_buf_polarity
#  Command:           report_timing -late  > $OUT_DIR/aer_tx16_trad_rowcol_fovea_cluster2_steal_buf_polarity_4.0_setup_timing.rpt
###############################################################
Path 1: MET Setup Check with Pin pol_fifo0_reg[1]/CK 
Endpoint:   pol_fifo0_reg[1]/D       (^) checked with  leading edge of 'clk'
Beginpoint: pending_cnt_reg[15][1]/Q (v) triggered by  leading edge of 'clk'
Path Groups: {clk}
Analysis View: view_slow
Other End Arrival Time         -0.000
- Setup                         0.168
+ Phase Shift                   4.000
- Uncertainty                   0.100
= Required Time                 3.732
- Arrival Time                  2.883
= Slack Time                    0.849
     Clock Rise Edge                 0.000
     + Clock Network Latency (Prop)  -0.001
     = Beginpoint Arrival Time       -0.001
     +--------------------------------------------------------------------------------+ 
     |        Instance        |     Arc      |   Cell    | Delay | Arrival | Required | 
     |                        |              |           |       |  Time   |   Time   | 
     |------------------------+--------------+-----------+-------+---------+----------| 
     | pending_cnt_reg[15][1] | CK ^         |           |       |  -0.001 |    0.848 | 
     | pending_cnt_reg[15][1] | CK ^ -> Q v  | DFFHQX1   | 0.235 |   0.234 |    1.083 | 
     | g12853__2802           | A v -> Y ^   | NOR2X1    | 0.181 |   0.415 |    1.264 | 
     | g12747__5122           | A ^ -> Y v   | NAND4XL   | 0.295 |   0.710 |    1.559 | 
     | FE_OFC80_n_89          | A v -> Y v   | CLKBUFX2  | 0.156 |   0.866 |    1.715 | 
     | FE_OFC74_n_89          | A v -> Y v   | CLKBUFX2  | 0.086 |   0.952 |    1.801 | 
     | g12730__5107           | A v -> Y ^   | NOR2X1    | 0.134 |   1.086 |    1.935 | 
     | g12721                 | A ^ -> Y v   | INVX1     | 0.132 |   1.219 |    2.067 | 
     | g12711__2802           | B v -> Y ^   | NOR2X2    | 0.128 |   1.346 |    2.195 | 
     | g12689__5477           | B ^ -> Y v   | NOR2X1    | 0.164 |   1.510 |    2.359 | 
     | g12662__6131           | B v -> Y ^   | NOR2X1    | 0.163 |   1.673 |    2.522 | 
     | g12652                 | A ^ -> Y v   | INVX1     | 0.125 |   1.798 |    2.647 | 
     | g12616__6131           | C0 v -> Y ^  | OAI221X1  | 0.072 |   1.870 |    2.719 | 
     | FE_OFC42_n_254         | A ^ -> Y ^   | CLKBUFX2  | 0.148 |   2.018 |    2.867 | 
     | g12510__5477           | A1 ^ -> Y v  | OAI221X1  | 0.168 |   2.186 |    3.035 | 
     | FE_OFC78_n_369         | A v -> Y v   | CLKBUFX2  | 0.141 |   2.327 |    3.176 | 
     | FE_OFC57_n_369         | A v -> Y v   | CLKBUFX2  | 0.102 |   2.429 |    3.278 | 
     | g12460__5107           | AN v -> Y v  | NOR2BX1   | 0.097 |   2.526 |    3.375 | 
     | g12421__5122           | A1N v -> Y v | OAI2BB1X1 | 0.109 |   2.635 |    3.484 | 
     | g12398__6783           | S0 v -> Y v  | MXI2XL    | 0.114 |   2.749 |    3.598 | 
     | g12366__5107           | B v -> Y ^   | NOR2XL    | 0.134 |   2.883 |    3.732 | 
     | pol_fifo0_reg[1]       | D ^          | DFFHQX1   | 0.000 |   2.883 |    3.732 | 
     +--------------------------------------------------------------------------------+ 

