###############################################################
#  Generated by:      Cadence Innovus 23.14-s088_1
#  OS:                Linux x86_64(Host ID snu.polaris.09)
#  Generated on:      Mon Aug 24 09:10:33 2026
#  Design:            aer_tx16_trad_rowcol_fovea_cluster2_steal_buf_polarity
#  Command:           report_timing -late  > $OUT_DIR/aer_tx16_trad_rowcol_fovea_cluster2_steal_buf_polarity_3.0_setup_timing.rpt
###############################################################
Path 1: VIOLATED Setup Check with Pin pol_fifo0_reg[9]/CK 
Endpoint:   pol_fifo0_reg[9]/D      (^) checked with  leading edge of 'clk'
Beginpoint: pending_cnt_reg[3][1]/Q (v) triggered by  leading edge of 'clk'
Path Groups: {clk}
Analysis View: view_slow
Other End Arrival Time         -0.000
- Setup                         0.142
+ Phase Shift                   3.000
- Uncertainty                   0.100
= Required Time                 2.758
- Arrival Time                  2.762
= Slack Time                   -0.004
     Clock Rise Edge                 0.000
     + Clock Network Latency (Prop)  -0.001
     = Beginpoint Arrival Time       -0.001
     +-------------------------------------------------------------------------------+ 
     |       Instance        |     Arc      |   Cell    | Delay | Arrival | Required | 
     |                       |              |           |       |  Time   |   Time   | 
     |-----------------------+--------------+-----------+-------+---------+----------| 
     | pending_cnt_reg[3][1] | CK ^         |           |       |  -0.001 |   -0.005 | 
     | pending_cnt_reg[3][1] | CK ^ -> Q v  | DFFHQX1   | 0.235 |   0.235 |    0.230 | 
     | g12833__5122          | A v -> Y ^   | NOR2X2    | 0.148 |   0.383 |    0.379 | 
     | g12963                | A ^ -> Y v   | NAND4XL   | 0.277 |   0.660 |    0.655 | 
     | FE_OFC28_n_499        | A v -> Y v   | CLKBUFX2  | 0.183 |   0.843 |    0.838 | 
     | g12730__9945          | B v -> Y ^   | NOR2X1    | 0.142 |   0.984 |    0.980 | 
     | FE_OFC69_n_95         | A ^ -> Y v   | INVX1     | 0.140 |   1.125 |    1.120 | 
     | g12711__6783          | B v -> Y ^   | NOR2X2    | 0.135 |   1.260 |    1.255 | 
     | g12701__2398          | B ^ -> Y v   | NAND2XL   | 0.156 |   1.416 |    1.412 | 
     | FE_OFC66_n_164        | A v -> Y ^   | INVX1     | 0.099 |   1.515 |    1.511 | 
     | FE_OFC68_n_164        | A ^ -> Y v   | INVX1     | 0.125 |   1.640 |    1.636 | 
     | g12630__6783          | B1 v -> Y ^  | OAI221X1  | 0.135 |   1.775 |    1.771 | 
     | FE_OFC41_n_247        | A ^ -> Y ^   | CLKBUFX2  | 0.142 |   1.917 |    1.912 | 
     | g12509__2883          | B1 ^ -> Y v  | OAI221X1  | 0.174 |   2.090 |    2.086 | 
     | FE_OFC80_n_365        | A v -> Y v   | BUFX6     | 0.150 |   2.240 |    2.236 | 
     | FE_OFC50_n_365        | A v -> Y v   | CLKBUFX2  | 0.093 |   2.333 |    2.329 | 
     | g12481__1666          | AN v -> Y v  | NOR2BX1   | 0.100 |   2.433 |    2.429 | 
     | g12425__1705          | A1N v -> Y v | OAI2BB1X1 | 0.113 |   2.546 |    2.541 | 
     | g12402__1705          | S0 v -> Y v  | MXI2XL    | 0.115 |   2.661 |    2.656 | 
     | g12370__5526          | B v -> Y ^   | NOR2XL    | 0.102 |   2.762 |    2.758 | 
     | pol_fifo0_reg[9]      | D ^          | DFFQXL    | 0.000 |   2.762 |    2.758 | 
     +-------------------------------------------------------------------------------+ 

